
> portfolioniraj@0.1.0 build
> next build

   ▲ Next.js 15.5.16

   Creating an optimized production build ...
 ✓ Compiled successfully in 1162ms
   Linting and checking validity of types ...
   Collecting page data ...
   Generating static pages (0/12) ...
   Generating static pages (3/12) 
   Generating static pages (6/12) 
   Generating static pages (9/12) 
 ✓ Generating static pages (12/12)
   Finalizing page optimization ...
   Collecting build traces ...

Route (app)                                 Size  First Load JS
┌ ○ /                                      333 B         159 kB
├ ○ /_not-found                            993 B         103 kB
├ ƒ /api/contact                           120 B         103 kB
├ ○ /site                                  294 B         159 kB
├ ○ /site/about                          1.53 kB         154 kB
├ ○ /site/contact                         2.4 kB         149 kB
├ ○ /site/experience                     2.68 kB         150 kB
├ ○ /site/projects                       3.33 kB         156 kB
└ ○ /site/skills                         1.34 kB         148 kB
+ First Load JS shared by all             102 kB
  ├ chunks/255-226bd5918a99f1a2.js       46.3 kB
  ├ chunks/4bd1b696-c023c6e3521b1417.js  54.2 kB
  └ other shared chunks (total)          1.96 kB


ƒ Middleware                             33.8 kB

○  (Static)   prerendered as static content
ƒ  (Dynamic)  server-rendered on demand

